// Jest Snapshot v1, https://goo.gl/fbAQLP

exports[`EditLocationUnit renders correctly when location is jurisdiction: form rendered 1`] = `"InstanceIdusernameParentNameStatusActiveInactiveLocation categoryService pointJurisdictionTypeTypeSelect the service point typeExternal IDGeometryUnit group23Â SaveCancel"`;
