// Jest Snapshot v1, https://goo.gl/fbAQLP

exports[`components/Antd/ReleaseList/utils/getTableColumns returns table columns: table columns 1`] = `
Array [
  Object {
    "dataIndex": "identifier",
    "ellipsis": true,
    "key": "identifier",
    "render": [Function],
    "sortOrder": false,
    "sorter": [Function],
    "title": "Identifier",
  },
  Object {
    "dataIndex": "appId",
    "ellipsis": true,
    "key": "appId",
    "sortOrder": false,
    "sorter": [Function],
    "title": "App Id",
  },
  Object {
    "dataIndex": "appVersion",
    "ellipsis": true,
    "key": "appVersion",
    "render": [Function],
    "sortOrder": false,
    "sorter": [Function],
    "title": "App Version",
  },
  Object {
    "dataIndex": "updatedAt",
    "ellipsis": true,
    "key": "updatedAt",
    "render": [Function],
    "sortOrder": false,
    "sorter": [Function],
    "title": "Updated At",
  },
]
`;
