// Jest Snapshot v1, https://goo.gl/fbAQLP

exports[`List view Page renders correctly with detailView: View details 1`] = `"Product nameScaleUnique ID1Material numberMT-123Server version123456"`;

exports[`List view Page renders correctly with detailView: table rows 0 1`] = `"Product NameIDActions"`;

exports[`List view Page renders correctly with detailView: table rows 1 1`] = `"Midwifery Kit2EditView details"`;

exports[`List view Page renders correctly with detailView: table rows 2 1`] = `"Scale1EditView details"`;

exports[`List view Page sort works: sorted table rows 0 1`] = `"Product NameIDActions"`;

exports[`List view Page sort works: sorted table rows 1 1`] = `"Scale1EditView details"`;

exports[`List view Page sort works: sorted table rows 2 1`] = `"Scale3EditView details"`;

exports[`List view Page sort works: sorted table rows 3 1`] = `"Midwifery Kit2EditView details"`;

exports[`List view Page sort works: table rows 0 1`] = `"Product NameIDActions"`;

exports[`List view Page sort works: table rows 1 1`] = `"Midwifery Kit2EditView details"`;

exports[`List view Page sort works: table rows 2 1`] = `"Scale1EditView details"`;

exports[`List view Page sort works: table rows 3 1`] = `"Scale3EditView details"`;
