// Jest Snapshot v1, https://goo.gl/fbAQLP

exports[`components/Antd/DraftFileList/utils/getTableColumns builds table columns correctly: table columns 1`] = `
Array [
  Object {
    "dataIndex": "identifier",
    "ellipsis": true,
    "key": "identifier",
    "sortOrder": false,
    "sorter": [Function],
    "title": "Identifier",
  },
  Object {
    "dataIndex": "label",
    "ellipsis": true,
    "key": "label",
    "sortOrder": false,
    "sorter": [Function],
    "title": "File Name",
  },
  Object {
    "dataIndex": "version",
    "ellipsis": true,
    "key": "version",
    "sortOrder": false,
    "sorter": [Function],
    "title": "File Version",
  },
  Object {
    "dataIndex": "createdAt",
    "ellipsis": true,
    "key": "createdAt",
    "render": [Function],
    "sortOrder": false,
    "sorter": [Function],
    "title": "Created At",
  },
  Object {
    "dataIndex": "module",
    "ellipsis": true,
    "key": "module",
    "sortOrder": false,
    "sorter": [Function],
    "title": "Module",
  },
]
`;
