// Jest Snapshot v1, https://goo.gl/fbAQLP

exports[`components/ManifestReleases renders without crashing when connected to store 1`] = `
Object {
  "CellComponent": [Function],
  "columns": Array [
    Object {
      "Header": "Identifier",
      "accessor": [Function],
    },
    Object {
      "Header": "App Id",
      "accessor": "appId",
    },
    Object {
      "Header": "App Version",
      "accessor": [Function],
    },
    Object {
      "Cell": [Function],
      "Header": "Updated at",
      "accessor": "updatedAt",
    },
    Object {
      "Header": " ",
      "accessor": [Function],
      "disableSortBy": true,
    },
  ],
  "data": Array [
    Object {
      "appId": "org.smartregister.reveal",
      "appVersion": "1.2.16",
      "createdAt": "2020-06-09T14:40:04.189+02:00",
      "identifier": "1.0.16",
      "json": "{\\"forms_version\\":\\"1.0.16\\",\\"identifiers\\":[\\"blood_screening.json\\"}",
      "updatedAt": "2020-06-09T14:40:04.189+02:00",
    },
    Object {
      "appId": "org.smartregister.reveal",
      "appVersion": "1.2.14",
      "createdAt": "2020-06-08T15:03:00.950+02:00",
      "identifier": "1.0.12",
      "json": "{\\"forms_version\\":\\"1.0.12\\",\\"identifiers\\":[\\"blood_screening.json\\"}",
      "updatedAt": "2020-06-08T15:03:00.950+02:00",
    },
    Object {
      "appId": "org.smartregister.reveal",
      "appVersion": "1.2.14",
      "createdAt": "2020-06-08T15:00:38.413+02:00",
      "identifier": "1.0.11",
      "json": "{\\"forms_version\\":\\"1.0.11\\",\\"identifiers\\":[\\"blood_screening.json\\"}",
      "updatedAt": "2020-06-08T15:00:38.413+02:00",
    },
  ],
  "hasChildren": [Function],
  "identifierField": "id",
  "linkerField": "id",
  "loading": false,
  "loadingComponent": [Function],
  "paginate": false,
  "parentIdentifierField": "parent_id",
  "renderNullDataComponent": [Function],
  "resize": true,
  "rootParentId": null,
  "useDrillDown": false,
}
`;

exports[`components/ManifestReleases renders without crashing when connected to store 2`] = `
<a
  href="/releases/1.0.16"
  onClick={[Function]}
>
  View Files
</a>
`;
