// Jest Snapshot v1, https://goo.gl/fbAQLP

exports[`components/Antd/DraftFileList renders correctly: card 1`] = `
Object {
  "children": Array [
    <Space
      style={
        Object {
          "float": "left",
          "marginBottom": 16,
        }
      }
    >
      <Input
        id="search"
        onChange={[Function]}
        placeholder="Search"
        prefix={<ForwardRef(SearchOutlined) />}
        size="large"
        type="text"
        value=""
      />
    </Space>,
    <Space
      style={
        Object {
          "float": "right",
          "marginBottom": 16,
        }
      }
    >
      <Button
        block={false}
        ghost={false}
        htmlType="button"
        loading={false}
        onClick={[Function]}
        type="primary"
      >
        <ForwardRef(UploadOutlined) />
        Upload New File
      </Button>
      <Divider
        type="vertical"
      />
      <ForwardRef(SettingOutlined) />
    </Space>,
    <Table
      columns={
        Array [
          Object {
            "dataIndex": "identifier",
            "ellipsis": true,
            "key": "identifier",
            "sortOrder": undefined,
            "sorter": [Function],
            "title": "Identifier",
          },
          Object {
            "dataIndex": "label",
            "ellipsis": true,
            "key": "label",
            "sortOrder": undefined,
            "sorter": [Function],
            "title": "File Name",
          },
          Object {
            "dataIndex": "version",
            "ellipsis": true,
            "key": "version",
            "sortOrder": undefined,
            "sorter": [Function],
            "title": "File Version",
          },
          Object {
            "dataIndex": "createdAt",
            "ellipsis": true,
            "key": "createdAt",
            "render": [Function],
            "sortOrder": undefined,
            "sorter": [Function],
            "title": "Created At",
          },
          Object {
            "dataIndex": "module",
            "ellipsis": true,
            "key": "module",
            "sortOrder": undefined,
            "sorter": [Function],
            "title": "Module",
          },
          Object {
            "key": "action",
            "render": [Function],
            "title": "Action",
          },
        ]
      }
      dataSource={
        Array [
          Object {
            "createdAt": "Jun 19, 2020, 4:23:22 PM",
            "form_relation": "",
            "id": "53",
            "identifier": "reveal-test-file.json",
            "isDraft": false,
            "isJsonValidator": false,
            "jursdiction": "",
            "label": "test publish",
            "module": "",
            "version": "1.0.27",
          },
          Object {
            "createdAt": "Jun 19, 2020, 12:31:37 PM",
            "form_relation": "",
            "id": "52",
            "identifier": "test-form-1.json",
            "isDraft": false,
            "isJsonValidator": false,
            "jursdiction": "",
            "label": "test form",
            "module": "",
            "version": "1.0.26",
          },
        ]
      }
      onChange={[Function]}
      pagination={
        Object {
          "defaultPageSize": 5,
          "pageSizeOptions": Array [
            "5",
            "10",
            "20",
            "50",
            "100",
          ],
          "showQuickJumper": true,
          "showSizeChanger": true,
        }
      }
      rowKey="key"
    />,
    <Space
      style={
        Object {
          "float": "right",
        }
      }
    >
      <Button
        block={false}
        ghost={false}
        htmlType="button"
        loading={false}
        onClick={[Function]}
        type="primary"
      >
        Make Release
      </Button>
    </Space>,
  ],
}
`;

exports[`components/Antd/DraftFileList renders correctly: title 1`] = `
Object {
  "children": "Draft Files",
  "level": 3,
}
`;

exports[`components/Antd/DraftFileList upload file button works 1`] = `
<Space
  style={
    Object {
      "float": "right",
      "marginBottom": 16,
    }
  }
>
  <div
    className="ant-space ant-space-horizontal ant-space-align-center"
    style={
      Object {
        "float": "right",
        "marginBottom": 16,
      }
    }
  >
    <Item
      className="ant-space-item"
      direction="horizontal"
      index={0}
      key="ant-space-item-0"
      marginDirection="marginRight"
      size="small"
    >
      <div
        className="ant-space-item"
        style={
          Object {
            "marginRight": 8,
          }
        }
      >
        <Button
          block={false}
          ghost={false}
          htmlType="button"
          loading={false}
          onClick={[Function]}
          type="primary"
        >
          <Wave>
            <button
              className="ant-btn ant-btn-primary"
              onClick={[Function]}
              type="button"
            >
              <LoadingIcon
                existIcon={false}
                loading={false}
                prefixCls="ant-btn"
              >
                <CSSMotion
                  motionName="ant-btn-loading-icon-motion"
                  onAppearActive={[Function]}
                  onAppearStart={[Function]}
                  onEnterActive={[Function]}
                  onEnterStart={[Function]}
                  onLeaveActive={[Function]}
                  onLeaveStart={[Function]}
                  removeOnLeave={true}
                  visible={false}
                >
                  <DomWrapper />
                </CSSMotion>
              </LoadingIcon>
              <ForwardRef(UploadOutlined)
                key=".0"
              >
                <AntdIcon
                  icon={
                    Object {
                      "icon": Object {
                        "attrs": Object {
                          "focusable": "false",
                          "viewBox": "64 64 896 896",
                        },
                        "children": Array [
                          Object {
                            "attrs": Object {
                              "d": "M400 317.7h73.9V656c0 4.4 3.6 8 8 8h60c4.4 0 8-3.6 8-8V317.7H624c6.7 0 10.4-7.7 6.3-12.9L518.3 163a8 8 0 00-12.6 0l-112 141.7c-4.1 5.3-.4 13 6.3 13zM878 626h-60c-4.4 0-8 3.6-8 8v154H214V634c0-4.4-3.6-8-8-8h-60c-4.4 0-8 3.6-8 8v198c0 17.7 14.3 32 32 32h684c17.7 0 32-14.3 32-32V634c0-4.4-3.6-8-8-8z",
                            },
                            "tag": "path",
                          },
                        ],
                        "tag": "svg",
                      },
                      "name": "upload",
                      "theme": "outlined",
                    }
                  }
                >
                  <span
                    aria-label="upload"
                    className="anticon anticon-upload"
                    role="img"
                  >
                    <IconReact
                      icon={
                        Object {
                          "icon": Object {
                            "attrs": Object {
                              "focusable": "false",
                              "viewBox": "64 64 896 896",
                            },
                            "children": Array [
                              Object {
                                "attrs": Object {
                                  "d": "M400 317.7h73.9V656c0 4.4 3.6 8 8 8h60c4.4 0 8-3.6 8-8V317.7H624c6.7 0 10.4-7.7 6.3-12.9L518.3 163a8 8 0 00-12.6 0l-112 141.7c-4.1 5.3-.4 13 6.3 13zM878 626h-60c-4.4 0-8 3.6-8 8v154H214V634c0-4.4-3.6-8-8-8h-60c-4.4 0-8 3.6-8 8v198c0 17.7 14.3 32 32 32h684c17.7 0 32-14.3 32-32V634c0-4.4-3.6-8-8-8z",
                                },
                                "tag": "path",
                              },
                            ],
                            "tag": "svg",
                          },
                          "name": "upload",
                          "theme": "outlined",
                        }
                      }
                    >
                      <svg
                        aria-hidden="true"
                        data-icon="upload"
                        fill="currentColor"
                        focusable="false"
                        height="1em"
                        key="svg-upload"
                        viewBox="64 64 896 896"
                        width="1em"
                      >
                        <path
                          d="M400 317.7h73.9V656c0 4.4 3.6 8 8 8h60c4.4 0 8-3.6 8-8V317.7H624c6.7 0 10.4-7.7 6.3-12.9L518.3 163a8 8 0 00-12.6 0l-112 141.7c-4.1 5.3-.4 13 6.3 13zM878 626h-60c-4.4 0-8 3.6-8 8v154H214V634c0-4.4-3.6-8-8-8h-60c-4.4 0-8 3.6-8 8v198c0 17.7 14.3 32 32 32h684c17.7 0 32-14.3 32-32V634c0-4.4-3.6-8-8-8z"
                          key="svg-upload-svg-0"
                        />
                      </svg>
                    </IconReact>
                  </span>
                </AntdIcon>
              </ForwardRef(UploadOutlined)>
              <span
                key=".1"
              >
                Upload New File
              </span>
            </button>
          </Wave>
        </Button>
      </div>
    </Item>
    <Item
      className="ant-space-item"
      direction="horizontal"
      index={1}
      key="ant-space-item-1"
      marginDirection="marginRight"
      size="small"
    >
      <div
        className="ant-space-item"
        style={
          Object {
            "marginRight": 8,
          }
        }
      >
        <Divider
          type="vertical"
        >
          <div
            className="ant-divider ant-divider-vertical"
            role="separator"
          />
        </Divider>
      </div>
    </Item>
    <Item
      className="ant-space-item"
      direction="horizontal"
      index={2}
      key="ant-space-item-2"
      marginDirection="marginRight"
      size="small"
    >
      <div
        className="ant-space-item"
        style={Object {}}
      >
        <ForwardRef(SettingOutlined)>
          <AntdIcon
            icon={
              Object {
                "icon": Object {
                  "attrs": Object {
                    "focusable": "false",
                    "viewBox": "64 64 896 896",
                  },
                  "children": Array [
                    Object {
                      "attrs": Object {
                        "d": "M924.8 625.7l-65.5-56c3.1-19 4.7-38.4 4.7-57.8s-1.6-38.8-4.7-57.8l65.5-56a32.03 32.03 0 009.3-35.2l-.9-2.6a443.74 443.74 0 00-79.7-137.9l-1.8-2.1a32.12 32.12 0 00-35.1-9.5l-81.3 28.9c-30-24.6-63.5-44-99.7-57.6l-15.7-85a32.05 32.05 0 00-25.8-25.7l-2.7-.5c-52.1-9.4-106.9-9.4-159 0l-2.7.5a32.05 32.05 0 00-25.8 25.7l-15.8 85.4a351.86 351.86 0 00-99 57.4l-81.9-29.1a32 32 0 00-35.1 9.5l-1.8 2.1a446.02 446.02 0 00-79.7 137.9l-.9 2.6c-4.5 12.5-.8 26.5 9.3 35.2l66.3 56.6c-3.1 18.8-4.6 38-4.6 57.1 0 19.2 1.5 38.4 4.6 57.1L99 625.5a32.03 32.03 0 00-9.3 35.2l.9 2.6c18.1 50.4 44.9 96.9 79.7 137.9l1.8 2.1a32.12 32.12 0 0035.1 9.5l81.9-29.1c29.8 24.5 63.1 43.9 99 57.4l15.8 85.4a32.05 32.05 0 0025.8 25.7l2.7.5a449.4 449.4 0 00159 0l2.7-.5a32.05 32.05 0 0025.8-25.7l15.7-85a350 350 0 0099.7-57.6l81.3 28.9a32 32 0 0035.1-9.5l1.8-2.1c34.8-41.1 61.6-87.5 79.7-137.9l.9-2.6c4.5-12.3.8-26.3-9.3-35zM788.3 465.9c2.5 15.1 3.8 30.6 3.8 46.1s-1.3 31-3.8 46.1l-6.6 40.1 74.7 63.9a370.03 370.03 0 01-42.6 73.6L721 702.8l-31.4 25.8c-23.9 19.6-50.5 35-79.3 45.8l-38.1 14.3-17.9 97a377.5 377.5 0 01-85 0l-17.9-97.2-37.8-14.5c-28.5-10.8-55-26.2-78.7-45.7l-31.4-25.9-93.4 33.2c-17-22.9-31.2-47.6-42.6-73.6l75.5-64.5-6.5-40c-2.4-14.9-3.7-30.3-3.7-45.5 0-15.3 1.2-30.6 3.7-45.5l6.5-40-75.5-64.5c11.3-26.1 25.6-50.7 42.6-73.6l93.4 33.2 31.4-25.9c23.7-19.5 50.2-34.9 78.7-45.7l37.9-14.3 17.9-97.2c28.1-3.2 56.8-3.2 85 0l17.9 97 38.1 14.3c28.7 10.8 55.4 26.2 79.3 45.8l31.4 25.8 92.8-32.9c17 22.9 31.2 47.6 42.6 73.6L781.8 426l6.5 39.9zM512 326c-97.2 0-176 78.8-176 176s78.8 176 176 176 176-78.8 176-176-78.8-176-176-176zm79.2 255.2A111.6 111.6 0 01512 614c-29.9 0-58-11.7-79.2-32.8A111.6 111.6 0 01400 502c0-29.9 11.7-58 32.8-79.2C454 401.6 482.1 390 512 390c29.9 0 58 11.6 79.2 32.8A111.6 111.6 0 01624 502c0 29.9-11.7 58-32.8 79.2z",
                      },
                      "tag": "path",
                    },
                  ],
                  "tag": "svg",
                },
                "name": "setting",
                "theme": "outlined",
              }
            }
          >
            <span
              aria-label="setting"
              className="anticon anticon-setting"
              role="img"
            >
              <IconReact
                icon={
                  Object {
                    "icon": Object {
                      "attrs": Object {
                        "focusable": "false",
                        "viewBox": "64 64 896 896",
                      },
                      "children": Array [
                        Object {
                          "attrs": Object {
                            "d": "M924.8 625.7l-65.5-56c3.1-19 4.7-38.4 4.7-57.8s-1.6-38.8-4.7-57.8l65.5-56a32.03 32.03 0 009.3-35.2l-.9-2.6a443.74 443.74 0 00-79.7-137.9l-1.8-2.1a32.12 32.12 0 00-35.1-9.5l-81.3 28.9c-30-24.6-63.5-44-99.7-57.6l-15.7-85a32.05 32.05 0 00-25.8-25.7l-2.7-.5c-52.1-9.4-106.9-9.4-159 0l-2.7.5a32.05 32.05 0 00-25.8 25.7l-15.8 85.4a351.86 351.86 0 00-99 57.4l-81.9-29.1a32 32 0 00-35.1 9.5l-1.8 2.1a446.02 446.02 0 00-79.7 137.9l-.9 2.6c-4.5 12.5-.8 26.5 9.3 35.2l66.3 56.6c-3.1 18.8-4.6 38-4.6 57.1 0 19.2 1.5 38.4 4.6 57.1L99 625.5a32.03 32.03 0 00-9.3 35.2l.9 2.6c18.1 50.4 44.9 96.9 79.7 137.9l1.8 2.1a32.12 32.12 0 0035.1 9.5l81.9-29.1c29.8 24.5 63.1 43.9 99 57.4l15.8 85.4a32.05 32.05 0 0025.8 25.7l2.7.5a449.4 449.4 0 00159 0l2.7-.5a32.05 32.05 0 0025.8-25.7l15.7-85a350 350 0 0099.7-57.6l81.3 28.9a32 32 0 0035.1-9.5l1.8-2.1c34.8-41.1 61.6-87.5 79.7-137.9l.9-2.6c4.5-12.3.8-26.3-9.3-35zM788.3 465.9c2.5 15.1 3.8 30.6 3.8 46.1s-1.3 31-3.8 46.1l-6.6 40.1 74.7 63.9a370.03 370.03 0 01-42.6 73.6L721 702.8l-31.4 25.8c-23.9 19.6-50.5 35-79.3 45.8l-38.1 14.3-17.9 97a377.5 377.5 0 01-85 0l-17.9-97.2-37.8-14.5c-28.5-10.8-55-26.2-78.7-45.7l-31.4-25.9-93.4 33.2c-17-22.9-31.2-47.6-42.6-73.6l75.5-64.5-6.5-40c-2.4-14.9-3.7-30.3-3.7-45.5 0-15.3 1.2-30.6 3.7-45.5l6.5-40-75.5-64.5c11.3-26.1 25.6-50.7 42.6-73.6l93.4 33.2 31.4-25.9c23.7-19.5 50.2-34.9 78.7-45.7l37.9-14.3 17.9-97.2c28.1-3.2 56.8-3.2 85 0l17.9 97 38.1 14.3c28.7 10.8 55.4 26.2 79.3 45.8l31.4 25.8 92.8-32.9c17 22.9 31.2 47.6 42.6 73.6L781.8 426l6.5 39.9zM512 326c-97.2 0-176 78.8-176 176s78.8 176 176 176 176-78.8 176-176-78.8-176-176-176zm79.2 255.2A111.6 111.6 0 01512 614c-29.9 0-58-11.7-79.2-32.8A111.6 111.6 0 01400 502c0-29.9 11.7-58 32.8-79.2C454 401.6 482.1 390 512 390c29.9 0 58 11.6 79.2 32.8A111.6 111.6 0 01624 502c0 29.9-11.7 58-32.8 79.2z",
                          },
                          "tag": "path",
                        },
                      ],
                      "tag": "svg",
                    },
                    "name": "setting",
                    "theme": "outlined",
                  }
                }
              >
                <svg
                  aria-hidden="true"
                  data-icon="setting"
                  fill="currentColor"
                  focusable="false"
                  height="1em"
                  key="svg-setting"
                  viewBox="64 64 896 896"
                  width="1em"
                >
                  <path
                    d="M924.8 625.7l-65.5-56c3.1-19 4.7-38.4 4.7-57.8s-1.6-38.8-4.7-57.8l65.5-56a32.03 32.03 0 009.3-35.2l-.9-2.6a443.74 443.74 0 00-79.7-137.9l-1.8-2.1a32.12 32.12 0 00-35.1-9.5l-81.3 28.9c-30-24.6-63.5-44-99.7-57.6l-15.7-85a32.05 32.05 0 00-25.8-25.7l-2.7-.5c-52.1-9.4-106.9-9.4-159 0l-2.7.5a32.05 32.05 0 00-25.8 25.7l-15.8 85.4a351.86 351.86 0 00-99 57.4l-81.9-29.1a32 32 0 00-35.1 9.5l-1.8 2.1a446.02 446.02 0 00-79.7 137.9l-.9 2.6c-4.5 12.5-.8 26.5 9.3 35.2l66.3 56.6c-3.1 18.8-4.6 38-4.6 57.1 0 19.2 1.5 38.4 4.6 57.1L99 625.5a32.03 32.03 0 00-9.3 35.2l.9 2.6c18.1 50.4 44.9 96.9 79.7 137.9l1.8 2.1a32.12 32.12 0 0035.1 9.5l81.9-29.1c29.8 24.5 63.1 43.9 99 57.4l15.8 85.4a32.05 32.05 0 0025.8 25.7l2.7.5a449.4 449.4 0 00159 0l2.7-.5a32.05 32.05 0 0025.8-25.7l15.7-85a350 350 0 0099.7-57.6l81.3 28.9a32 32 0 0035.1-9.5l1.8-2.1c34.8-41.1 61.6-87.5 79.7-137.9l.9-2.6c4.5-12.3.8-26.3-9.3-35zM788.3 465.9c2.5 15.1 3.8 30.6 3.8 46.1s-1.3 31-3.8 46.1l-6.6 40.1 74.7 63.9a370.03 370.03 0 01-42.6 73.6L721 702.8l-31.4 25.8c-23.9 19.6-50.5 35-79.3 45.8l-38.1 14.3-17.9 97a377.5 377.5 0 01-85 0l-17.9-97.2-37.8-14.5c-28.5-10.8-55-26.2-78.7-45.7l-31.4-25.9-93.4 33.2c-17-22.9-31.2-47.6-42.6-73.6l75.5-64.5-6.5-40c-2.4-14.9-3.7-30.3-3.7-45.5 0-15.3 1.2-30.6 3.7-45.5l6.5-40-75.5-64.5c11.3-26.1 25.6-50.7 42.6-73.6l93.4 33.2 31.4-25.9c23.7-19.5 50.2-34.9 78.7-45.7l37.9-14.3 17.9-97.2c28.1-3.2 56.8-3.2 85 0l17.9 97 38.1 14.3c28.7 10.8 55.4 26.2 79.3 45.8l31.4 25.8 92.8-32.9c17 22.9 31.2 47.6 42.6 73.6L781.8 426l6.5 39.9zM512 326c-97.2 0-176 78.8-176 176s78.8 176 176 176 176-78.8 176-176-78.8-176-176-176zm79.2 255.2A111.6 111.6 0 01512 614c-29.9 0-58-11.7-79.2-32.8A111.6 111.6 0 01400 502c0-29.9 11.7-58 32.8-79.2C454 401.6 482.1 390 512 390c29.9 0 58 11.6 79.2 32.8A111.6 111.6 0 01624 502c0 29.9-11.7 58-32.8 79.2z"
                    key="svg-setting-svg-0"
                  />
                </svg>
              </IconReact>
            </span>
          </AntdIcon>
        </ForwardRef(SettingOutlined)>
      </div>
    </Item>
  </div>
</Space>
`;
