// Jest Snapshot v1, https://goo.gl/fbAQLP

exports[`containers/pages/Home renders Home correctly & changes Title of page: Home page rendered 1`] = `
<Home
  extraData={
    Object {
      "roles": Array [
        "ROLE_EDIT_KEYCLOAK_USERS",
      ],
    }
  }
>
  <div
    className="text-center home"
  >
    <HelmetWrapper
      defer={true}
      encodeSpecialCharacters={true}
    >
      <SideEffect(NullComponent)
        defer={true}
        encodeSpecialCharacters={true}
        title="OpenSRP Web"
        titleAttributes={Object {}}
      >
        <NullComponent
          defer={true}
          encodeSpecialCharacters={true}
          title="OpenSRP Web"
          titleAttributes={Object {}}
        />
      </SideEffect(NullComponent)>
    </HelmetWrapper>
    <Row
      className="weclome-box"
      justify="center"
    >
      <div
        className="ant-row ant-row-center weclome-box"
        style={Object {}}
      >
        <Col
          span={6}
        >
          <div
            className="ant-col ant-col-6"
            style={Object {}}
          >
            <h3>
              Welcome to OpenSRP
            </h3>
          </div>
        </Col>
      </div>
    </Row>
    <Row
      className="links-box"
      gutter={16}
    >
      <div
        className="ant-row links-box"
        style={
          Object {
            "marginLeft": -8,
            "marginRight": -8,
          }
        }
      >
        <Col
          className="gutter-row"
          span={12}
        >
          <div
            className="ant-col ant-col-12 gutter-row"
            style={
              Object {
                "paddingLeft": 8,
                "paddingRight": 8,
              }
            }
          >
            <Link
              className="admin-link"
              to="/admin/users"
            >
              <LinkAnchor
                className="admin-link"
                href="/admin/users"
                navigate={[Function]}
              >
                <a
                  className="admin-link"
                  href="/admin/users"
                  onClick={[Function]}
                >
                  <Button
                    block={false}
                    className="btn-links"
                    color="outline"
                    ghost={false}
                    htmlType="button"
                    loading={false}
                  >
                    <Wave>
                      <button
                        className="ant-btn btn-links"
                        color="outline"
                        onClick={[Function]}
                        type="button"
                      >
                        <LoadingIcon
                          existIcon={false}
                          loading={false}
                          prefixCls="ant-btn"
                        >
                          <CSSMotion
                            motionName="ant-btn-loading-icon-motion"
                            onAppearActive={[Function]}
                            onAppearStart={[Function]}
                            onEnterActive={[Function]}
                            onEnterStart={[Function]}
                            onLeaveActive={[Function]}
                            onLeaveStart={[Function]}
                            removeOnLeave={true}
                            visible={false}
                          >
                            <DomWrapper />
                          </CSSMotion>
                        </LoadingIcon>
                        <span
                          key=".0"
                        >
                          Admin
                        </span>
                      </button>
                    </Wave>
                  </Button>
                </a>
              </LinkAnchor>
            </Link>
          </div>
        </Col>
      </div>
    </Row>
    <Row
      className="links-box"
      gutter={16}
    >
      <div
        className="ant-row links-box"
        style={
          Object {
            "marginLeft": -8,
            "marginRight": -8,
          }
        }
      />
    </Row>
    <Row
      className="links-box"
      gutter={16}
    >
      <div
        className="ant-row links-box"
        style={
          Object {
            "marginLeft": -8,
            "marginRight": -8,
          }
        }
      />
    </Row>
  </div>
</Home>
`;
