// Jest Snapshot v1, https://goo.gl/fbAQLP

exports[`NewLocationUnit renders correctly for create location unit: form rendered 1`] = `"IdPart OfNameDescriptionAliasStatusActiveInactivePhysical TypeBuildingJurisdictionSaveCancel"`;
