// Jest Snapshot v1, https://goo.gl/fbAQLP

exports[`components/CreateEditCareTeam renders correctly: full care tem form 1`] = `"Edit Care Team | Care Team OneUUIDNameStatusActiveInactiveParticipant206103Â Subject306SaveCancel"`;
