// Jest Snapshot v1, https://goo.gl/fbAQLP

exports[`components/UserList renders user list correctly: header actions col props 1`] = `"Add UserUsernameEmailFirst NameLast NameActionsmwalimudubdabasoduba@gmail.comBenjaminMwalimuEditonaOnakenyaEditona-admintest@onatest.comOnaAdminEditopensrpDemokenyaEdit120 / page)"`;

exports[`components/UserList renders user list correctly: table text 1`] = `"UsernameEmailFirst NameLast NameActionsmwalimudubdabasoduba@gmail.comBenjaminMwalimuEditonaOnakenyaEditona-admintest@onatest.comOnaAdminEditopensrpDemokenyaEdit120 / page"`;

exports[`components/UserList sort works correctly: sorted table rows by email - ascending 0 1`] = `"UsernameEmailFirst NameLast NameActions"`;

exports[`components/UserList sort works correctly: sorted table rows by email - ascending 1 1`] = `"mwalimudubdabasoduba@gmail.comBenjaminMwalimuEdit"`;

exports[`components/UserList sort works correctly: sorted table rows by email - ascending 2 1`] = `"onaOnakenyaEdit"`;

exports[`components/UserList sort works correctly: sorted table rows by email - ascending 3 1`] = `"ona-admintest@onatest.comOnaAdminEdit"`;

exports[`components/UserList sort works correctly: sorted table rows by email - ascending 4 1`] = `"opensrpDemokenyaEdit"`;

exports[`components/UserList sort works correctly: sorted table rows by email - descending 0 1`] = `"UsernameEmailFirst NameLast NameActions"`;

exports[`components/UserList sort works correctly: sorted table rows by email - descending 1 1`] = `"mwalimudubdabasoduba@gmail.comBenjaminMwalimuEdit"`;

exports[`components/UserList sort works correctly: sorted table rows by email - descending 2 1`] = `"onaOnakenyaEdit"`;

exports[`components/UserList sort works correctly: sorted table rows by email - descending 3 1`] = `"ona-admintest@onatest.comOnaAdminEdit"`;

exports[`components/UserList sort works correctly: sorted table rows by email - descending 4 1`] = `"opensrpDemokenyaEdit"`;

exports[`components/UserList sort works correctly: sorted table rows by username - ascending 0 1`] = `"UsernameEmailFirst NameLast NameActions"`;

exports[`components/UserList sort works correctly: sorted table rows by username - ascending 1 1`] = `"opensrpDemokenyaEdit"`;

exports[`components/UserList sort works correctly: sorted table rows by username - ascending 2 1`] = `"ona-admintest@onatest.comOnaAdminEdit"`;

exports[`components/UserList sort works correctly: sorted table rows by username - ascending 3 1`] = `"onaOnakenyaEdit"`;

exports[`components/UserList sort works correctly: sorted table rows by username - ascending 4 1`] = `"mwalimudubdabasoduba@gmail.comBenjaminMwalimuEdit"`;

exports[`components/UserList sort works correctly: sorted table rows by username - descending 0 1`] = `"UsernameEmailFirst NameLast NameActions"`;

exports[`components/UserList sort works correctly: sorted table rows by username - descending 1 1`] = `"mwalimudubdabasoduba@gmail.comBenjaminMwalimuEdit"`;

exports[`components/UserList sort works correctly: sorted table rows by username - descending 2 1`] = `"onaOnakenyaEdit"`;

exports[`components/UserList sort works correctly: sorted table rows by username - descending 3 1`] = `"ona-admintest@onatest.comOnaAdminEdit"`;

exports[`components/UserList sort works correctly: sorted table rows by username - descending 4 1`] = `"opensrpDemokenyaEdit"`;

exports[`components/UserList sort works correctly: table rows - default order 0 1`] = `"UsernameEmailFirst NameLast NameActions"`;

exports[`components/UserList sort works correctly: table rows - default order 1 1`] = `"mwalimudubdabasoduba@gmail.comBenjaminMwalimuEdit"`;

exports[`components/UserList sort works correctly: table rows - default order 2 1`] = `"onaOnakenyaEdit"`;

exports[`components/UserList sort works correctly: table rows - default order 3 1`] = `"ona-admintest@onatest.comOnaAdminEdit"`;

exports[`components/UserList sort works correctly: table rows - default order 4 1`] = `"opensrpDemokenyaEdit"`;

exports[`components/UserList works correctly with store: full rendered text 1`] = `"User ManagementAdd UserUsernameEmailFirst NameLast NameActionsmwalimudubdabasoduba@gmail.comBenjaminMwalimuEditonaOnakenyaEditona-admintest@onatest.comOnaAdminEditopensrpDemokenyaEdit120 / page)"`;
