// Jest Snapshot v1, https://goo.gl/fbAQLP

exports[`components/UserList/utils/getDataFilters builds table columns correctly: table columns 1`] = `
Array [
  Object {
    "dataIndex": "username",
    "ellipsis": true,
    "filteredValue": null,
    "filters": Array [
      Object {
        "text": "mwalimu",
        "value": "mwalimu",
      },
      Object {
        "text": "ona",
        "value": "ona",
      },
    ],
    "key": "username",
    "onFilter": [Function],
    "sortOrder": undefined,
    "sorter": [Function],
    "title": "Username",
  },
  Object {
    "dataIndex": "email",
    "ellipsis": true,
    "filteredValue": null,
    "filters": Array [
      Object {
        "text": "dubdabasoduba@gmail.com",
        "value": "dubdabasoduba@gmail.com",
      },
      Object {
        "text": undefined,
        "value": undefined,
      },
    ],
    "key": "email",
    "onFilter": [Function],
    "sortOrder": undefined,
    "sorter": [Function],
    "title": "Email",
  },
  Object {
    "dataIndex": "firstName",
    "ellipsis": true,
    "filteredValue": null,
    "filters": Array [
      Object {
        "text": "Benjamin",
        "value": "Benjamin",
      },
      Object {
        "text": "Ona",
        "value": "Ona",
      },
    ],
    "key": "firstName",
    "onFilter": [Function],
    "sortOrder": undefined,
    "sorter": [Function],
    "title": "First Name",
  },
  Object {
    "dataIndex": "lastName",
    "ellipsis": true,
    "filteredValue": null,
    "filters": Array [
      Object {
        "text": "Mwalimu",
        "value": "Mwalimu",
      },
      Object {
        "text": "kenya",
        "value": "kenya",
      },
    ],
    "key": "lastName",
    "onFilter": [Function],
    "sortOrder": undefined,
    "sorter": [Function],
    "title": "Last Name",
  },
  Object {
    "dataIndex": "actions",
    "key": "Actions",
    "render": [Function],
    "title": "Actions",
  },
]
`;
