// Jest Snapshot v1, https://goo.gl/fbAQLP

exports[`containers/pages/locations/LocationTagAddition renders without crashing 1`] = `
Object {
  "children": Array [
    <HelmetWrapper
      defer={true}
      encodeSpecialCharacters={true}
    >
      <title>
        Add Location Unit Group
      </title>
    </HelmetWrapper>,
    <h5
      className="mb-3"
    >
      Add Location Unit Group
    </h5>,
    <div
      className="bg-white p-5"
    >
      <Form />
    </div>,
  ],
}
`;

exports[`containers/pages/locations/LocationTagAddition renders without crashing 2`] = `
Object {
  "children": <Context.Provider
    value={
      Object {
        "__INTERNAL__": Object {
          "itemRef": [Function],
          "name": undefined,
        },
        "getFieldError": [Function],
        "getFieldInstance": [Function],
        "getFieldValue": [Function],
        "getFieldsError": [Function],
        "getFieldsValue": [Function],
        "getInternalHooks": [Function],
        "isFieldTouched": [Function],
        "isFieldValidating": [Function],
        "isFieldsTouched": [Function],
        "isFieldsValidating": [Function],
        "resetFields": [Function],
        "scrollToField": [Function],
        "setFields": [Function],
        "setFieldsValue": [Function],
        "submit": [Function],
        "validateFields": [Function],
        "validateTrigger": "onChange",
      }
    }
  >
    <Unknown
      label="Location Name"
      name="name"
    >
      <ForwardRef
        name="name"
        placeholder="Enter a location group name"
      />
    </Unknown>
    <Unknown
      label="Status"
      name="active"
      valuePropName="checked"
    >
      <Unknown
        defaultValue={true}
        name="active"
      >
        <Unknown
          name="active"
          value={true}
        >
          Active
        </Unknown>
        <Unknown
          name="active"
          value={false}
        >
          Inactive
        </Unknown>
      </Unknown>
    </Unknown>
    <Unknown
      label="Type"
      name="description"
    >
      <ForwardRef
        name="description"
        placeholder="Description"
        rows={4}
      />
    </Unknown>
    <Unknown
      name="buttons"
      wrapperCol={
        Object {
          "offset": 8,
          "span": 11,
        }
      }
    >
      <Unknown
        id="submit"
      >
        Save
      </Unknown>
      <Button
        block={false}
        ghost={false}
        htmlType="button"
        id="cancel"
        loading={false}
        onClick={[Function]}
        type="dashed"
      >
        Cancel
      </Button>
    </Unknown>
  </Context.Provider>,
  "className": "ant-form ant-form-horizontal ant-form-hide-required-mark",
  "id": undefined,
  "onReset": [Function],
  "onSubmit": [Function],
  "onSubmitCapture": [Function],
}
`;
