// Jest Snapshot v1, https://goo.gl/fbAQLP

exports[`components/forms/PractitionerRoleForm renders correctly 1`] = `"Create Practitioner RoleUUIDStatusActiveInactivePractitionerWard N Williams MDWard N Williams MDWard N Williams MDtest fhirtest fhirtest fhirtest fhirtest fhirtest fhirtest fhirtest fhirtest fhirtest fhirtest fhirtest fhirMr. John CenoMr. Allay AllanBobi mapesaOrganizationSaveCancel"`;
