// Jest Snapshot v1, https://goo.gl/fbAQLP

exports[`activate mission Updates settings correctly when value is inherited 1`] = `null`;
