// Jest Snapshot v1, https://goo.gl/fbAQLP

exports[`components/Antd/FileList/utils/getTableColumns returns table columns correctly for non-json validators: non-json validators columns 1`] = `
Array [
  Object {
    "dataIndex": "identifier",
    "ellipsis": true,
    "key": "identifier",
    "sortOrder": false,
    "sorter": [Function],
    "title": undefined,
  },
  Object {
    "dataIndex": "label",
    "ellipsis": true,
    "key": "label",
    "sortOrder": false,
    "sorter": [Function],
    "title": undefined,
  },
  Object {
    "dataIndex": "version",
    "ellipsis": true,
    "key": "version",
    "sortOrder": false,
    "sorter": [Function],
    "title": undefined,
  },
  Object {
    "dataIndex": "createdAt",
    "ellipsis": true,
    "key": "createdAt",
    "render": [Function],
    "sortOrder": false,
    "sorter": [Function],
    "title": undefined,
  },
]
`;

exports[`components/Antd/FileList/utils/getTableColumns returns table columns: table columns 1`] = `
Array [
  Object {
    "dataIndex": "identifier",
    "ellipsis": true,
    "key": "identifier",
    "sortOrder": false,
    "sorter": [Function],
    "title": undefined,
  },
  Object {
    "dataIndex": "label",
    "ellipsis": true,
    "key": "label",
    "sortOrder": false,
    "sorter": [Function],
    "title": undefined,
  },
  Object {
    "dataIndex": "version",
    "ellipsis": true,
    "key": "version",
    "sortOrder": false,
    "sorter": [Function],
    "title": undefined,
  },
  Object {
    "dataIndex": "createdAt",
    "ellipsis": true,
    "key": "createdAt",
    "render": [Function],
    "sortOrder": false,
    "sorter": [Function],
    "title": undefined,
  },
]
`;
