// Jest Snapshot v1, https://goo.gl/fbAQLP

exports[`containers/pages/Home renders without crashing 1`] = `
<LocationUnitDetail
  id="6y66ggde"
  properties={
    Object {
      "externalId": "asdkjh1230",
      "geographicLevel": 2,
      "name": "test",
      "parentId": "2",
      "status": "Active",
      "username": "edward 0",
      "version": 0,
    }
  }
  syncStatus="Synced"
  type="Feautire"
>
  <div
    className="p-4 bg-white"
  >
    <Button
      block={false}
      className="float-right"
      ghost={false}
      htmlType="button"
      icon={<ForwardRef(CloseOutlined) />}
      loading={false}
      onClick={[Function]}
      shape="circle"
      type="text"
    >
      <button
        className="ant-btn ant-btn-text ant-btn-circle ant-btn-icon-only float-right"
        onClick={[Function]}
        type="button"
      >
        <ForwardRef(CloseOutlined)>
          <AntdIcon
            icon={
              Object {
                "icon": Object {
                  "attrs": Object {
                    "focusable": "false",
                    "viewBox": "64 64 896 896",
                  },
                  "children": Array [
                    Object {
                      "attrs": Object {
                        "d": "M563.8 512l262.5-312.9c4.4-5.2.7-13.1-6.1-13.1h-79.8c-4.7 0-9.2 2.1-12.3 5.7L511.6 449.8 295.1 191.7c-3-3.6-7.5-5.7-12.3-5.7H203c-6.8 0-10.5 7.9-6.1 13.1L459.4 512 196.9 824.9A7.95 7.95 0 00203 838h79.8c4.7 0 9.2-2.1 12.3-5.7l216.5-258.1 216.5 258.1c3 3.6 7.5 5.7 12.3 5.7h79.8c6.8 0 10.5-7.9 6.1-13.1L563.8 512z",
                      },
                      "tag": "path",
                    },
                  ],
                  "tag": "svg",
                },
                "name": "close",
                "theme": "outlined",
              }
            }
          >
            <span
              aria-label="close"
              className="anticon anticon-close"
              role="img"
            >
              <IconReact
                className=""
                icon={
                  Object {
                    "icon": Object {
                      "attrs": Object {
                        "focusable": "false",
                        "viewBox": "64 64 896 896",
                      },
                      "children": Array [
                        Object {
                          "attrs": Object {
                            "d": "M563.8 512l262.5-312.9c4.4-5.2.7-13.1-6.1-13.1h-79.8c-4.7 0-9.2 2.1-12.3 5.7L511.6 449.8 295.1 191.7c-3-3.6-7.5-5.7-12.3-5.7H203c-6.8 0-10.5 7.9-6.1 13.1L459.4 512 196.9 824.9A7.95 7.95 0 00203 838h79.8c4.7 0 9.2-2.1 12.3-5.7l216.5-258.1 216.5 258.1c3 3.6 7.5 5.7 12.3 5.7h79.8c6.8 0 10.5-7.9 6.1-13.1L563.8 512z",
                          },
                          "tag": "path",
                        },
                      ],
                      "tag": "svg",
                    },
                    "name": "close",
                    "theme": "outlined",
                  }
                }
              >
                <svg
                  aria-hidden="true"
                  className=""
                  data-icon="close"
                  fill="currentColor"
                  focusable="false"
                  height="1em"
                  key="svg-close"
                  viewBox="64 64 896 896"
                  width="1em"
                >
                  <path
                    d="M563.8 512l262.5-312.9c4.4-5.2.7-13.1-6.1-13.1h-79.8c-4.7 0-9.2 2.1-12.3 5.7L511.6 449.8 295.1 191.7c-3-3.6-7.5-5.7-12.3-5.7H203c-6.8 0-10.5 7.9-6.1 13.1L459.4 512 196.9 824.9A7.95 7.95 0 00203 838h79.8c4.7 0 9.2-2.1 12.3-5.7l216.5-258.1 216.5 258.1c3 3.6 7.5 5.7 12.3 5.7h79.8c6.8 0 10.5-7.9 6.1-13.1L563.8 512z"
                    key="svg-close-svg-0"
                  />
                </svg>
              </IconReact>
            </span>
          </AntdIcon>
        </ForwardRef(CloseOutlined)>
      </button>
    </Button>
    <div
      className="mb-4 small mt-4"
    >
      <p
        className="mb-0 font-weight-bold"
      >
        Name
      </p>
      <p
        className="mb-0 loc-desc"
      >
        test
      </p>
    </div>
    <div
      className="mb-4 small"
    >
      <p
        className="mb-0 font-weight-bold"
      >
        Status
      </p>
      <p
        className="mb-0 loc-desc"
      >
        Active
      </p>
    </div>
    <div
      className="mb-4 small"
    >
      <p
        className="mb-0 font-weight-bold"
      >
        Type
      </p>
      <p
        className="mb-0 loc-desc"
      >
        Feautire
      </p>
    </div>
    <div
      className="mb-4 small"
    >
      <p
        className="mb-0 font-weight-bold"
      >
        External Id
      </p>
      <p
        className="mb-0 loc-desc"
      >
        asdkjh1230
      </p>
    </div>
    <div
      className="mb-4 small"
    >
      <p
        className="mb-0 font-weight-bold"
      >
        Username
      </p>
      <p
        className="mb-0 loc-desc"
      >
        edward 0
      </p>
    </div>
    <div
      className="mb-4 small"
    >
      <p
        className="mb-0 font-weight-bold"
      >
        Version
      </p>
      <p
        className="mb-0 loc-desc"
      >
        0
      </p>
    </div>
    <div
      className="mb-4 small"
    >
      <p
        className="mb-0 font-weight-bold"
      >
        Sync status
      </p>
      <p
        className="mb-0 loc-desc"
      >
        Synced
      </p>
    </div>
    <div
      className="mb-4 small"
    >
      <p
        className="mb-0 font-weight-bold"
      >
        Level
      </p>
      <p
        className="mb-0 loc-desc"
      >
        2
      </p>
    </div>
  </div>
</LocationUnitDetail>
`;
